// Jest Snapshot v1, https://goo.gl/fbAQLP

exports[`HighlightCard should match the snapshot with all data passed in correctly 1`] = `
<article
  className="highlight-card"
>
  <article
    className="highlight-preview"
    id={1}
  >
    <img
      alt="WOW HOME RUN!"
      className="highlight-thumbnail"
      id={1}
      src="https://fakeurl.com/movie-pic1.png"
    />
    <h3
      className="highlight-title"
      id={1}
    >
      WOW HOME RUN!
    </h3>
    <h4
      className="highlight-duration"
      id={1}
    >
      00:01:30
    </h4>
  </article>
</article>
`;
