// Jest Snapshot v1, https://goo.gl/fbAQLP

exports[`GameCard should match the snapshot with all data passed in correctly 1`] = `
<Link
  className="game-card-link"
  to={
    Object {
      "pathname": "/game/undefined",
      "state": Object {
        "awayTeam": Object {
          "name": "angels",
        },
        "homeTeam": Object {
          "name": "athletics",
        },
      },
    }
  }
>
  <article
    className="game-card"
  >
    <div
      className="away-team-container"
    >
      <img
        alt="angels logo"
        className="team-logo"
        src="/mlb-logos/angels.svg"
      />
      <h3>
        angels
      </h3>
      <span />
    </div>
    <div
      className="home-team-container"
    >
      <img
        alt="athletics logo"
        className="team-logo"
        src="/mlb-logos/athletics.svg"
      />
      <h3>
        athletics
      </h3>
      <span />
    </div>
  </article>
</Link>
`;
